Enter length of array #1:Enter array elements: Enter length of array #2:Enter array elements: Output: 12 43 45 2 34 8 3 90 67