Enter length of array #1:Enter array elements: Enter length of array #2:Enter array elements: Output: 6 12 4 14