Operation Code: a for adding to the list at the end, r for removing from the list, p for printing the list; q for quit.
Enter operation code: Enter phone number: Enter guest's last name: Enter guest's first name: Enter party size: 
Enter operation code: Enter phone number: Enter guest's last name: Enter guest's first name: Enter party size: 
Enter operation code: Enter phone number: Enter guest's last name: Enter guest's first name: Enter party size: 
Enter operation code: Enter phone number:Enter guest's last name:Enter guest's first name:
Enter operation code: 8341241213     Reagan              Jean                    6
3187435323     Ashley              Spires                  5

Enter operation code: 