Please select from four equipment: 1, 2, 3, and 4
Enter equipment selection: Invalid selection. Select from 1 to 4.
