Please select from four equipment: 1, 2, 3, and 4
Enter equipment selection: Enter days: Enter hours: Charge($): 1571
