Sasha 1 6.50
Mittens 2 7.40
Sunflower 5 8.10
Sheba 7 8.40
Snowcone 2 6.50
Tinkles 11 1.70
Daisy 2 8.10
Lucy 5 12.00
Tigger 6 13.00
